[    1565ms] [LOG] JQMIGRATE: Migrate is installed, version 3.4.1 @ https://tintim.com.br/wp-includes/js/jquery/jquery-migrate.min.js?ver=3.4.1:1
[    1725ms] [LOG] utm_source == meta @ https://tintim.com.br/?utm_source=meta:3812
[    1731ms] [ERROR] Access to font at 'https://track.tintim.app/wp-content/uploads/elementor/google-fonts/fonts/poppins-pxibyp8kv8jhgfvrlgt9z1xlfq.woff2' from origin 'https://tintim.com.br' has been blocked by CORS policy: No 'Access-Control-Allow-Origin' header is present on the requested resource. @ https://tintim.com.br/?utm_source=meta:3829
[    1733ms] [ERROR] Failed to load resource: net::ERR_FAILED @ https://track.tintim.app/wp-content/uploads/elementor/google-fonts/fonts/poppins-pxibyp8kv8jhgfvrlgt9z1xlfq.woff2:0
[    1916ms] [ERROR] Access to font at 'https://track.tintim.app/wp-content/uploads/elementor/google-fonts/fonts/poppins-pxibyp8kv8jhgfvrlej6z1xlfq.woff2' from origin 'https://tintim.com.br' has been blocked by CORS policy: No 'Access-Control-Allow-Origin' header is present on the requested resource. @ https://tintim.com.br/?utm_source=meta:0
[    1921ms] [ERROR] Failed to load resource: net::ERR_FAILED @ https://track.tintim.app/wp-content/uploads/elementor/google-fonts/fonts/poppins-pxibyp8kv8jhgfvrlej6z1xlfq.woff2:0
[    1993ms] [ERROR] Access to font at 'https://track.tintim.app/wp-content/uploads/elementor/google-fonts/fonts/montserrat-jtusjig1_i6t8kchkm459wlhyw.woff2' from origin 'https://tintim.com.br' has been blocked by CORS policy: No 'Access-Control-Allow-Origin' header is present on the requested resource. @ https://tintim.com.br/?utm_source=meta:0
[    1994ms] [ERROR] Failed to load resource: net::ERR_FAILED @ https://track.tintim.app/wp-content/uploads/elementor/google-fonts/fonts/montserrat-jtusjig1_i6t8kchkm459wlhyw.woff2:0
[    1994ms] [ERROR] Access to font at 'https://track.tintim.app/wp-content/uploads/elementor/google-fonts/fonts/poppins-pxieyp8kv8jhgfvrjjfecg.woff2' from origin 'https://tintim.com.br' has been blocked by CORS policy: No 'Access-Control-Allow-Origin' header is present on the requested resource. @ https://tintim.com.br/?utm_source=meta:0
[    1994ms] [ERROR] Failed to load resource: net::ERR_FAILED @ https://track.tintim.app/wp-content/uploads/elementor/google-fonts/fonts/poppins-pxieyp8kv8jhgfvrjjfecg.woff2:0
[    1994ms] [ERROR] Access to font at 'https://track.tintim.app/wp-content/uploads/elementor/google-fonts/fonts/poppins-pxibyp8kv8jhgfvrlcz7z1xlfq.woff2' from origin 'https://tintim.com.br' has been blocked by CORS policy: No 'Access-Control-Allow-Origin' header is present on the requested resource. @ https://tintim.com.br/?utm_source=meta:0
[    1994ms] [ERROR] Failed to load resource: net::ERR_FAILED @ https://track.tintim.app/wp-content/uploads/elementor/google-fonts/fonts/poppins-pxibyp8kv8jhgfvrlcz7z1xlfq.woff2:0
[    1994ms] [ERROR] Access to font at 'https://track.tintim.app/wp-content/uploads/elementor/google-fonts/fonts/poppins-pxibyp8kv8jhgfvrlbt5z1xlfq.woff2' from origin 'https://tintim.com.br' has been blocked by CORS policy: No 'Access-Control-Allow-Origin' header is present on the requested resource. @ https://tintim.com.br/?utm_source=meta:0
[    1994ms] [ERROR] Failed to load resource: net::ERR_FAILED @ https://track.tintim.app/wp-content/uploads/elementor/google-fonts/fonts/poppins-pxibyp8kv8jhgfvrlbt5z1xlfq.woff2:0
[    2777ms] [ERROR] Failed to load resource: the server responded with a status of 404 () @ https://api.visitorapi.com/api/?pid=VDZMvhIqhJZD2rasdYVw:0
[    2786ms] [WARNING] Failed to execute 'postMessage' on 'DOMWindow': The target origin provided ('https://www.youtube.com') does not match the recipient window's origin ('https://tintim.com.br'). @ https://www.youtube.com/s/player/8c3fda2d/www-widgetapi.vflset/www-widgetapi.js:162
[    2786ms] [WARNING] Failed to execute 'postMessage' on 'DOMWindow': The target origin provided ('https://www.youtube.com') does not match the recipient window's origin ('https://tintim.com.br'). @ https://www.youtube.com/s/player/8c3fda2d/www-widgetapi.vflset/www-widgetapi.js:162
[    2786ms] [WARNING] Failed to execute 'postMessage' on 'DOMWindow': The target origin provided ('https://www.youtube.com') does not match the recipient window's origin ('https://tintim.com.br'). @ https://www.youtube.com/s/player/8c3fda2d/www-widgetapi.vflset/www-widgetapi.js:162
[    4098ms] [WARNING] The powerPreference option is currently ignored when calling requestAdapter() on Windows. See https://crbug.com/369219127 @ :0
[    4194ms] [WARNING] The powerPreference option is currently ignored when calling requestAdapter() on Windows. See https://crbug.com/369219127 @ :0
[    4468ms] [WARNING] The powerPreference option is currently ignored when calling requestAdapter() on Windows. See https://crbug.com/369219127 @ :0
