[    3591ms] [LOG] JQMIGRATE: Migrate is installed, version 3.4.1 @ https://tintim.com.br/wp-includes/js/jquery/jquery-migrate.min.js?ver=3.4.1:1
[    4063ms] [ERROR] Access to font at 'https://track.tintim.app/wp-content/uploads/elementor/google-fonts/fonts/poppins-pxibyp8kv8jhgfvrlgt9z1xlfq.woff2' from origin 'https://tintim.com.br' has been blocked by CORS policy: No 'Access-Control-Allow-Origin' header is present on the requested resource. @ https://tintim.com.br/:3902
[    4063ms] [ERROR] Failed to load resource: net::ERR_FAILED @ https://track.tintim.app/wp-content/uploads/elementor/google-fonts/fonts/poppins-pxibyp8kv8jhgfvrlgt9z1xlfq.woff2:0
[    4134ms] [ERROR] Access to font at 'https://track.tintim.app/wp-content/uploads/elementor/google-fonts/fonts/poppins-pxibyp8kv8jhgfvrlej6z1xlfq.woff2' from origin 'https://tintim.com.br' has been blocked by CORS policy: No 'Access-Control-Allow-Origin' header is present on the requested resource. @ https://tintim.com.br/:0
[    4134ms] [ERROR] Failed to load resource: net::ERR_FAILED @ https://track.tintim.app/wp-content/uploads/elementor/google-fonts/fonts/poppins-pxibyp8kv8jhgfvrlej6z1xlfq.woff2:0
[    4205ms] [ERROR] Access to font at 'https://track.tintim.app/wp-content/uploads/elementor/google-fonts/fonts/poppins-pxibyp8kv8jhgfvrlcz7z1xlfq.woff2' from origin 'https://tintim.com.br' has been blocked by CORS policy: No 'Access-Control-Allow-Origin' header is present on the requested resource. @ https://tintim.com.br/:0
[    4205ms] [ERROR] Failed to load resource: net::ERR_FAILED @ https://track.tintim.app/wp-content/uploads/elementor/google-fonts/fonts/poppins-pxibyp8kv8jhgfvrlcz7z1xlfq.woff2:0
[    4213ms] [ERROR] Access to font at 'https://track.tintim.app/wp-content/uploads/elementor/google-fonts/fonts/montserrat-jtusjig1_i6t8kchkm459wlhyw.woff2' from origin 'https://tintim.com.br' has been blocked by CORS policy: No 'Access-Control-Allow-Origin' header is present on the requested resource. @ https://tintim.com.br/:0
[    4213ms] [ERROR] Failed to load resource: net::ERR_FAILED @ https://track.tintim.app/wp-content/uploads/elementor/google-fonts/fonts/montserrat-jtusjig1_i6t8kchkm459wlhyw.woff2:0
[    4213ms] [ERROR] Access to font at 'https://track.tintim.app/wp-content/uploads/elementor/google-fonts/fonts/poppins-pxieyp8kv8jhgfvrjjfecg.woff2' from origin 'https://tintim.com.br' has been blocked by CORS policy: No 'Access-Control-Allow-Origin' header is present on the requested resource. @ https://tintim.com.br/:0
[    4214ms] [ERROR] Failed to load resource: net::ERR_FAILED @ https://track.tintim.app/wp-content/uploads/elementor/google-fonts/fonts/poppins-pxieyp8kv8jhgfvrjjfecg.woff2:0
[    4216ms] [ERROR] Access to font at 'https://track.tintim.app/wp-content/uploads/elementor/google-fonts/fonts/poppins-pxibyp8kv8jhgfvrlbt5z1xlfq.woff2' from origin 'https://tintim.com.br' has been blocked by CORS policy: No 'Access-Control-Allow-Origin' header is present on the requested resource. @ https://tintim.com.br/:0
[    4216ms] [ERROR] Failed to load resource: net::ERR_FAILED @ https://track.tintim.app/wp-content/uploads/elementor/google-fonts/fonts/poppins-pxibyp8kv8jhgfvrlbt5z1xlfq.woff2:0
[    6763ms] [WARNING] Failed to execute 'postMessage' on 'DOMWindow': The target origin provided ('https://www.youtube.com') does not match the recipient window's origin ('https://tintim.com.br'). @ https://www.youtube.com/s/player/8c3fda2d/www-widgetapi.vflset/www-widgetapi.js:162
[    6763ms] [WARNING] Failed to execute 'postMessage' on 'DOMWindow': The target origin provided ('https://www.youtube.com') does not match the recipient window's origin ('https://tintim.com.br'). @ https://www.youtube.com/s/player/8c3fda2d/www-widgetapi.vflset/www-widgetapi.js:162
[    6780ms] [WARNING] Failed to execute 'postMessage' on 'DOMWindow': The target origin provided ('https://www.youtube.com') does not match the recipient window's origin ('https://tintim.com.br'). @ https://www.youtube.com/s/player/8c3fda2d/www-widgetapi.vflset/www-widgetapi.js:162
[    7147ms] [WARNING] Failed to execute 'postMessage' on 'DOMWindow': The target origin provided ('https://www.youtube.com') does not match the recipient window's origin ('https://tintim.com.br'). @ https://www.youtube.com/s/player/8c3fda2d/www-widgetapi.vflset/www-widgetapi.js:162
[    7147ms] [WARNING] Failed to execute 'postMessage' on 'DOMWindow': The target origin provided ('https://www.youtube.com') does not match the recipient window's origin ('https://tintim.com.br'). @ https://www.youtube.com/s/player/8c3fda2d/www-widgetapi.vflset/www-widgetapi.js:162
[    7228ms] [INFO] Slow network is detected. See https://www.chromestatus.com/feature/5636954674692096 for more details. Fallback font will be used while loading: https://fonts.gstatic.com/s/roboto/v48/KFO7CnqEu92Fr1ME7kSn66aGLdTylUAMa3yUBA.woff2 @ https://www.youtube.com/embed/kKP26P7P858?controls=1&rel=0&playsinline=0&cc_load_policy=0&autoplay=0&enablejsapi=1&origin=https%3A%2F%2Ftintim.com.br&widgetid=5&forigin=https%3A%2F%2Ftintim.com.br%2F&aoriginsup=1&vf=1:0
[    7232ms] [INFO] Slow network is detected. See https://www.chromestatus.com/feature/5636954674692096 for more details. Fallback font will be used while loading: https://fonts.gstatic.com/s/roboto/v48/KFO7CnqEu92Fr1ME7kSn66aGLdTylUAMa3yUBA.woff2 @ https://www.youtube.com/embed/dq1O0aNdo90?controls=1&rel=0&playsinline=0&cc_load_policy=0&autoplay=0&enablejsapi=1&origin=https%3A%2F%2Ftintim.com.br&widgetid=1&forigin=https%3A%2F%2Ftintim.com.br%2F&aoriginsup=1&vf=1:0
[    7228ms] [INFO] Slow network is detected. See https://www.chromestatus.com/feature/5636954674692096 for more details. Fallback font will be used while loading: https://fonts.gstatic.com/s/roboto/v48/KFO7CnqEu92Fr1ME7kSn66aGLdTylUAMa3yUBA.woff2 @ https://www.youtube.com/embed/kKP26P7P858?controls=1&rel=0&playsinline=0&cc_load_policy=0&autoplay=0&enablejsapi=1&origin=https%3A%2F%2Ftintim.com.br&widgetid=5&forigin=https%3A%2F%2Ftintim.com.br%2F&aoriginsup=1&vf=1:0
[    7232ms] [INFO] Slow network is detected. See https://www.chromestatus.com/feature/5636954674692096 for more details. Fallback font will be used while loading: https://fonts.gstatic.com/s/roboto/v48/KFO7CnqEu92Fr1ME7kSn66aGLdTylUAMa3yUBA.woff2 @ https://www.youtube.com/embed/dq1O0aNdo90?controls=1&rel=0&playsinline=0&cc_load_policy=0&autoplay=0&enablejsapi=1&origin=https%3A%2F%2Ftintim.com.br&widgetid=1&forigin=https%3A%2F%2Ftintim.com.br%2F&aoriginsup=1&vf=1:0
[    7273ms] [INFO] Slow network is detected. See https://www.chromestatus.com/feature/5636954674692096 for more details. Fallback font will be used while loading: https://fonts.gstatic.com/s/roboto/v48/KFO7CnqEu92Fr1ME7kSn66aGLdTylUAMa3yUBA.woff2 @ https://www.youtube.com/embed/ztEybJ-WanI?controls=1&rel=0&playsinline=0&cc_load_policy=0&autoplay=0&enablejsapi=1&origin=https%3A%2F%2Ftintim.com.br&widgetid=3&forigin=https%3A%2F%2Ftintim.com.br%2F&aoriginsup=1&vf=1:0
[    8600ms] [ERROR] Failed to load resource: the server responded with a status of 404 () @ https://api.visitorapi.com/api/?pid=VDZMvhIqhJZD2rasdYVw:0
[    9226ms] [WARNING] The powerPreference option is currently ignored when calling requestAdapter() on Windows. See https://crbug.com/369219127 @ :0
[    9721ms] [WARNING] The powerPreference option is currently ignored when calling requestAdapter() on Windows. See https://crbug.com/369219127 @ :0
[    9732ms] [WARNING] The powerPreference option is currently ignored when calling requestAdapter() on Windows. See https://crbug.com/369219127 @ :0
